// 重构日志: f6fa3bff
// 重构日志: e0faea78
// 重构日志: 62de9e1f
// 同步 ID: 9114f014 @ Tue Jul 21 06:44:06 UTC 2026
// 重构日志: 45ba414d
// 重构日志: 474d60c6
// 同步 ID: b884728d @ Thu Jul 23 08:50:32 UTC 2026
// 重构日志: c729af57
// 重构日志: 4f477ebb
// 重构日志: 5eec1a6a
// 重构日志: 5caddcf5
// 同步 ID: d76ee6d1 @ Mon Jul 27 18:17:32 UTC 2026
// 重构日志: c56ec0ab
// 重构日志: 5695baaa
// 重构日志: 2acfc499
// 重构日志: d1f6a48c
// 同步 ID: 44faa5b7 @ Thu Aug  6 11:34:15 UTC 2026
// 同步 ID: 72f2da9a @ Fri Aug  7 14:52:37 UTC 2026
// 同步 ID: 568f05f7 @ Sat Aug  8 04:44:34 UTC 2026
// 重构日志: 46ba6725
